===== System Monitoring Report =====
Generated by: ziad0@ZYAD on Wed May 28 13:55:34 EEST 2025

>> CPU Performance (mpstat):
Linux 5.15.167.4-microsoft-standard-WSL2 (ZYAD) 	05/28/25 	_x86_64_	(12 CPU)

13:55:34     CPU    %usr   %nice    %sys %iowait    %irq   %soft  %steal  %guest  %gnice   %idle
13:55:35     all    0.00    0.00    0.00    0.00    0.00    0.00    0.00    0.00    0.00  100.00
13:55:36     all    0.00    0.00    0.00    0.00    0.00    0.00    0.00    0.00    0.00  100.00
13:55:37     all    0.00    0.00    0.00    0.17    0.00    0.00    0.00    0.00    0.00   99.83
Average:     all    0.00    0.00    0.00    0.06    0.00    0.00    0.00    0.00    0.00   99.94

>> GPU Info (nvidia-smi):
Wed May 28 13:55:37 2025       
+-----------------------------------------------------------------------------------------+
| NVIDIA-SMI 575.51.03              Driver Version: 576.28         CUDA Version: 12.9     |
|-----------------------------------------+------------------------+----------------------+
| GPU  Name                 Persistence-M | Bus-Id          Disp.A | Volatile Uncorr. ECC |
| Fan  Temp   Perf          Pwr:Usage/Cap |           Memory-Usage | GPU-Util  Compute M. |
|                                         |                        |               MIG M. |
|=========================================+========================+======================|
|   0  NVIDIA GeForce RTX 3060 ...    On  |   00000000:01:00.0  On |                  N/A |
| N/A   45C    P8             12W /   80W |     983MiB /   6144MiB |      0%      Default |
|                                         |                        |                  N/A |
+-----------------------------------------+------------------------+----------------------+
                                                                                         
+-----------------------------------------------------------------------------------------+
| Processes:                                                                              |
|  GPU   GI   CI              PID   Type   Process name                        GPU Memory |
|        ID   ID                                                               Usage      |
|=========================================================================================|
|  No running processes found                                                             |
+-----------------------------------------------------------------------------------------+

>> Disk Usage (df -h):
Filesystem                                Size  Used Avail Use% Mounted on
none                                      3.9G     0  3.9G   0% /usr/lib/modules/5.15.167.4-microsoft-standard-WSL2
none                                      3.9G  4.0K  3.9G   1% /mnt/wsl
drivers                                   195G  190G  5.5G  98% /usr/lib/wsl/drivers
/dev/sdc                                 1007G  2.8G  953G   1% /
none                                      3.9G   84K  3.9G   1% /mnt/wslg
none                                      3.9G     0  3.9G   0% /usr/lib/wsl/lib
rootfs                                    3.9G  2.4M  3.9G   1% /init
none                                      3.9G  572K  3.9G   1% /run
none                                      3.9G     0  3.9G   0% /run/lock
none                                      3.9G     0  3.9G   0% /run/shm
tmpfs                                     4.0M     0  4.0M   0% /sys/fs/cgroup
none                                      3.9G   76K  3.9G   1% /mnt/wslg/versions.txt
none                                      3.9G   76K  3.9G   1% /mnt/wslg/doc
C:\                                       195G  190G  5.5G  98% /mnt/c
D:\                                       759G  686G   73G  91% /mnt/d
tmpfs                                     784M   16K  784M   1% /run/user/1000
none                                      3.9G  636K  3.9G   1% /mnt/wsl/docker-desktop/shared-sockets/host-services
/dev/sdd                                 1007G   56M  956G   1% /mnt/wsl/docker-desktop/docker-desktop-user-distro
/dev/loop0                                547M  547M     0 100% /mnt/wsl/docker-desktop/cli-tools
tmpfs                                     784M   16K  784M   1% /run/user/0
C:\Program Files\Docker\Docker\resources  195G  190G  5.5G  98% /Docker/host

>> Disk SMART Status (smartctl):
smartctl 7.4 2023-08-01 r5530 [x86_64-linux-5.15.167.4-microsoft-standard-WSL2] (local build)
Copyright (C) 2002-23, Bruce Allen, Christian Franke, www.smartmontools.org

=== START OF READ SMART DATA SECTION ===
SMART Health Status: OK


>> Memory Consumption (free -h):
               total        used        free      shared  buff/cache   available
Mem:           7.7Gi       1.0Gi       6.4Gi       4.3Mi       522Mi       6.6Gi
Swap:          2.0Gi          0B       2.0Gi

>> Network Interfaces (ip -s link):
1: lo: <LOOPBACK,UP,LOWER_UP> mtu 65536 qdisc noqueue state UNKNOWN mode DEFAULT group default qlen 1000
    link/loopback 00:00:00:00:00:00 brd 00:00:00:00:00:00
    RX:  bytes packets errors dropped  missed   mcast           
         11999     114      0       0       0       0 
    TX:  bytes packets errors dropped carrier collsns           
         11999     114      0       0       0       0 
2: eth0: <BROADCAST,MULTICAST,UP,LOWER_UP> mtu 1500 qdisc mq state UP mode DEFAULT group default qlen 1000
    link/ether 00:15:5d:2c:2c:22 brd ff:ff:ff:ff:ff:ff
    RX:  bytes packets errors dropped  missed   mcast           
     118041702   88479      0       0       0     672 
    TX:  bytes packets errors dropped carrier collsns           
        694729   11663      0       0       0       0 
3: docker0: <NO-CARRIER,BROADCAST,MULTICAST,UP> mtu 1500 qdisc noqueue state DOWN mode DEFAULT group default 
    link/ether 02:42:2c:8e:a9:dc brd ff:ff:ff:ff:ff:ff
    RX:  bytes packets errors dropped  missed   mcast           
             0       0      0       0       0       0 
    TX:  bytes packets errors dropped carrier collsns           
             0       0      0       0       0       0 

>> Active Network Interfaces:
1: lo: <LOOPBACK,UP,LOWER_UP> mtu 65536 qdisc noqueue state UNKNOWN group default qlen 1000
    inet 127.0.0.1/8 scope host lo
    inet 10.255.255.254/32 brd 10.255.255.254 scope global lo
2: eth0: <BROADCAST,MULTICAST,UP,LOWER_UP> mtu 1500 qdisc mq state UP group default qlen 1000
    inet 172.17.251.241/20 brd 172.17.255.255 scope global eth0
3: docker0: <NO-CARRIER,BROADCAST,MULTICAST,UP> mtu 1500 qdisc noqueue state DOWN group default 
    inet 172.18.0.1/16 brd 172.18.255.255 scope global docker0

>> ALERTS:
✅ CPU Usage Normal: .08%
✅ RAM Usage Normal: 13.13772432401171799400%

>> System Load (uptime):
 13:55:38 up  1:35,  2 users,  load average: 0.00, 0.00, 0.00

>> Load Averages (/proc/loadavg):
0.00 0.00 0.00 1/480 3948

