===== System Monitoring Report =====
Generated by: ziad0@ZYAD on Wed May 28 14:48:44 EEST 2025

>> CPU Performance (mpstat):
Linux 5.15.167.4-microsoft-standard-WSL2 (ZYAD) 	05/28/25 	_x86_64_	(12 CPU)

14:48:44     CPU    %usr   %nice    %sys %iowait    %irq   %soft  %steal  %guest  %gnice   %idle
14:48:45     all    0.00    0.00    0.00    0.00    0.00    0.00    0.00    0.00    0.00  100.00
14:48:46     all    0.00    0.00    0.00    0.00    0.00    0.00    0.00    0.00    0.00  100.00
14:48:47     all    0.00    0.00    0.08    0.00    0.00    0.00    0.00    0.00    0.00   99.92
Average:     all    0.00    0.00    0.03    0.00    0.00    0.00    0.00    0.00    0.00   99.97

>> GPU Info (nvidia-smi):
Wed May 28 14:48:48 2025       
+-----------------------------------------------------------------------------------------+
| NVIDIA-SMI 575.51.03              Driver Version: 576.28         CUDA Version: 12.9     |
|-----------------------------------------+------------------------+----------------------+
| GPU  Name                 Persistence-M | Bus-Id          Disp.A | Volatile Uncorr. ECC |
| Fan  Temp   Perf          Pwr:Usage/Cap |           Memory-Usage | GPU-Util  Compute M. |
|                                         |                        |               MIG M. |
|=========================================+========================+======================|
|   0  NVIDIA GeForce RTX 3060 ...    On  |   00000000:01:00.0  On |                  N/A |
| N/A   37C    P8             11W /   20W |     604MiB /   6144MiB |      0%      Default |
|                                         |                        |                  N/A |
+-----------------------------------------+------------------------+----------------------+
                                                                                         
+-----------------------------------------------------------------------------------------+
| Processes:                                                                              |
|  GPU   GI   CI              PID   Type   Process name                        GPU Memory |
|        ID   ID                                                               Usage      |
|=========================================================================================|
|  No running processes found                                                             |
+-----------------------------------------------------------------------------------------+

>> Disk Usage (df -h):
Filesystem                                Size  Used Avail Use% Mounted on
none                                      3.9G     0  3.9G   0% /usr/lib/modules/5.15.167.4-microsoft-standard-WSL2
none                                      3.9G  4.0K  3.9G   1% /mnt/wsl
drivers                                   195G  190G  5.4G  98% /usr/lib/wsl/drivers
/dev/sdc                                 1007G  3.4G  953G   1% /
none                                      3.9G   76K  3.9G   1% /mnt/wslg
none                                      3.9G     0  3.9G   0% /usr/lib/wsl/lib
rootfs                                    3.9G  2.4M  3.9G   1% /init
none                                      3.9G  564K  3.9G   1% /run
none                                      3.9G     0  3.9G   0% /run/lock
none                                      3.9G     0  3.9G   0% /run/shm
tmpfs                                     4.0M     0  4.0M   0% /sys/fs/cgroup
none                                      3.9G   76K  3.9G   1% /mnt/wslg/versions.txt
none                                      3.9G   76K  3.9G   1% /mnt/wslg/doc
C:\                                       195G  190G  5.4G  98% /mnt/c
D:\                                       759G  686G   73G  91% /mnt/d
tmpfs                                     784M   16K  784M   1% /run/user/1000
none                                      3.9G  636K  3.9G   1% /mnt/wsl/docker-desktop/shared-sockets/host-services
/dev/sdd                                 1007G   56M  956G   1% /mnt/wsl/docker-desktop/docker-desktop-user-distro
tmpfs                                     784M   16K  784M   1% /run/user/0
/dev/loop0                                547M  547M     0 100% /mnt/wsl/docker-desktop/cli-tools
C:\Program Files\Docker\Docker\resources  195G  190G  5.4G  98% /Docker/host

>> Disk SMART Status (smartctl):
smartctl 7.4 2023-08-01 r5530 [x86_64-linux-5.15.167.4-microsoft-standard-WSL2] (local build)
Copyright (C) 2002-23, Bruce Allen, Christian Franke, www.smartmontools.org

=== START OF READ SMART DATA SECTION ===
SMART Health Status: OK


>> Memory Consumption (free -h):
               total        used        free      shared  buff/cache   available
Mem:           7.7Gi       971Mi       5.1Gi       4.2Mi       1.9Gi       6.7Gi
Swap:          2.0Gi          0B       2.0Gi

>> Network Interfaces (ip -s link):
1: lo: <LOOPBACK,UP,LOWER_UP> mtu 65536 qdisc noqueue state UNKNOWN mode DEFAULT group default qlen 1000
    link/loopback 00:00:00:00:00:00 brd 00:00:00:00:00:00
    RX:  bytes packets errors dropped  missed   mcast           
          2336      26      0       0       0       0 
    TX:  bytes packets errors dropped carrier collsns           
          2336      26      0       0       0       0 
2: eth0: <BROADCAST,MULTICAST,UP,LOWER_UP> mtu 1500 qdisc mq state UP mode DEFAULT group default qlen 1000
    link/ether 00:15:5d:2c:24:01 brd ff:ff:ff:ff:ff:ff
    RX:  bytes packets errors dropped  missed   mcast           
         19717     117      0       0       0      24 
    TX:  bytes packets errors dropped carrier collsns           
         13016     113      0       0       0       0 
3: docker0: <NO-CARRIER,BROADCAST,MULTICAST,UP> mtu 1500 qdisc noqueue state DOWN mode DEFAULT group default 
    link/ether 02:42:ad:02:53:e7 brd ff:ff:ff:ff:ff:ff
    RX:  bytes packets errors dropped  missed   mcast           
             0       0      0       0       0       0 
    TX:  bytes packets errors dropped carrier collsns           
             0       0      0       0       0       0 

>> Active Network Interfaces:
1: lo: <LOOPBACK,UP,LOWER_UP> mtu 65536 qdisc noqueue state UNKNOWN group default qlen 1000
    inet 127.0.0.1/8 scope host lo
    inet 10.255.255.254/32 brd 10.255.255.254 scope global lo
2: eth0: <BROADCAST,MULTICAST,UP,LOWER_UP> mtu 1500 qdisc mq state UP group default qlen 1000
    inet 172.17.251.241/20 brd 172.17.255.255 scope global eth0
3: docker0: <NO-CARRIER,BROADCAST,MULTICAST,UP> mtu 1500 qdisc noqueue state DOWN group default 
    inet 172.18.0.1/16 brd 172.18.255.255 scope global docker0

>> ALERTS:
✅ CPU Usage Normal: .08%
✅ RAM Usage Normal: 12.38420484543612165600%

>> System Load (uptime):
 14:48:52 up 4 min,  2 users,  load average: 0.00, 0.02, 0.00

>> Load Averages (/proc/loadavg):
0.00 0.02 0.00 1/492 1011

